[   16610ms] [ERROR] Failed to load resource: the server responded with a status of 404 () @ https://www.trendza.life/assets/Marvel%20Avengers%20Hero%20Entrance%20Doormat.jpg:0
[   16612ms] [ERROR] Failed to load resource: the server responded with a status of 404 () @ https://www.trendza.life/assets/Marvel%20Deadpool%20Funny%20Anti-Hero%20Doormat.jpg:0
[   16612ms] [ERROR] Failed to load resource: the server responded with a status of 404 () @ https://www.trendza.life/assets/Marvel%20Avengers%20Assemble%20Entrance%20Rug.jpg:0
[   16659ms] [ERROR] Failed to load resource: the server responded with a status of 404 () @ https://www.trendza.life/assets/Marvel%20Spider-Man%20Web%20Hero%20Doormat.jpg:0
[   16703ms] [ERROR] Failed to load resource: the server responded with a status of 404 () @ https://www.trendza.life/assets/Marvel%20Black%20Panther%20Wakanda%20Entrance%20Doormat.jpg:0
[   16764ms] [ERROR] Failed to load resource: the server responded with a status of 404 () @ https://www.trendza.life/favicon.ico:0
[   59033ms] [ERROR] Failed to load resource: net::ERR_CONNECTION_TIMED_OUT @ https://via.placeholder.com/400x400?text=Image+Missing:0
[   59267ms] [ERROR] Failed to load resource: net::ERR_CONNECTION_TIMED_OUT @ https://via.placeholder.com/400x400?text=Image+Missing:0
[  101456ms] [ERROR] Failed to load resource: net::ERR_CONNECTION_TIMED_OUT @ https://via.placeholder.com/400x400?text=Image+Missing:0
[  101689ms] [ERROR] Failed to load resource: net::ERR_CONNECTION_TIMED_OUT @ https://via.placeholder.com/400x400?text=Image+Missing:0
[  143845ms] [ERROR] Failed to load resource: net::ERR_CONNECTION_TIMED_OUT @ https://via.placeholder.com/400x400?text=Image+Missing:0
[  144049ms] [ERROR] Failed to load resource: net::ERR_CONNECTION_TIMED_OUT @ https://via.placeholder.com/400x400?text=Image+Missing:0
[  186273ms] [ERROR] Failed to load resource: net::ERR_CONNECTION_TIMED_OUT @ https://via.placeholder.com/400x400?text=Image+Missing:0
[  186442ms] [ERROR] Failed to load resource: net::ERR_CONNECTION_TIMED_OUT @ https://via.placeholder.com/400x400?text=Image+Missing:0
[  228670ms] [ERROR] Failed to load resource: net::ERR_CONNECTION_TIMED_OUT @ https://via.placeholder.com/400x400?text=Image+Missing:0
[  228852ms] [ERROR] Failed to load resource: net::ERR_CONNECTION_TIMED_OUT @ https://via.placeholder.com/400x400?text=Image+Missing:0
[  271048ms] [ERROR] Failed to load resource: net::ERR_CONNECTION_TIMED_OUT @ https://via.placeholder.com/400x400?text=Image+Missing:0
[  271250ms] [ERROR] Failed to load resource: net::ERR_CONNECTION_TIMED_OUT @ https://via.placeholder.com/400x400?text=Image+Missing:0
[  313435ms] [ERROR] Failed to load resource: net::ERR_CONNECTION_TIMED_OUT @ https://via.placeholder.com/400x400?text=Image+Missing:0
[  313640ms] [ERROR] Failed to load resource: net::ERR_CONNECTION_TIMED_OUT @ https://via.placeholder.com/400x400?text=Image+Missing:0
[  355854ms] [ERROR] Failed to load resource: net::ERR_CONNECTION_TIMED_OUT @ https://via.placeholder.com/400x400?text=Image+Missing:0
[  356043ms] [ERROR] Failed to load resource: net::ERR_CONNECTION_TIMED_OUT @ https://via.placeholder.com/400x400?text=Image+Missing:0
[  398252ms] [ERROR] Failed to load resource: net::ERR_CONNECTION_TIMED_OUT @ https://via.placeholder.com/400x400?text=Image+Missing:0
[  398452ms] [ERROR] Failed to load resource: net::ERR_CONNECTION_TIMED_OUT @ https://via.placeholder.com/400x400?text=Image+Missing:0
[  407797ms] [ERROR] Failed to load resource: the server responded with a status of 404 () @ https://www.trendza.life/assets/Marvel%20Avengers%20Hero%20Entrance%20Doormat.jpg:0
[  407797ms] [ERROR] Failed to load resource: the server responded with a status of 404 () @ https://www.trendza.life/assets/Marvel%20Black%20Panther%20Wakanda%20Entrance%20Doormat.jpg:0
[  407806ms] [ERROR] Failed to load resource: the server responded with a status of 404 () @ https://www.trendza.life/assets/Marvel%20Avengers%20Assemble%20Entrance%20Rug.jpg:0
[  407830ms] [ERROR] Failed to load resource: the server responded with a status of 404 () @ https://www.trendza.life/assets/Marvel%20Spider-Man%20Web%20Hero%20Doormat.jpg:0
[  407830ms] [ERROR] Failed to load resource: the server responded with a status of 404 () @ https://www.trendza.life/assets/Marvel%20Deadpool%20Funny%20Anti-Hero%20Doormat.jpg:0
